TAP version 13
# Subtest: actual UI: search workspace retention, documents create/save/conflict/publish, dashboard, members, dictionaries
ok 1 - actual UI: search workspace retention, documents create/save/conflict/publish, dashboard, members, dictionaries
  ---
  duration_ms: 433.4691
  type: 'test'
  ...
# Subtest: actual UI: Viewer routes, 503 is not zero, 401 clears sensitive screen and skip link stays in route
ok 2 - actual UI: Viewer routes, 503 is not zero, 401 clears sensitive screen and skip link stays in route
  ---
  duration_ms: 120.5321
  type: 'test'
  ...
# Subtest: actual UI: slow editor prerequisites, pending write navigation guard and explicit retry idempotency
ok 3 - actual UI: slow editor prerequisites, pending write navigation guard and explicit retry idempotency
  ---
  duration_ms: 172.765
  type: 'test'
  ...
# Subtest: V acceptance: all four filters survive cross-workspace switch; logout removes identity and workspace UI
ok 4 - V acceptance: all four filters survive cross-workspace switch; logout removes identity and workspace UI
  ---
  duration_ms: 183.6447
  type: 'test'
  ...
1..4
# tests 4
# suites 0
# pass 4
# fail 0
# cancelled 0
# skipped 0
# todo 0
# duration_ms 1566.4264
